SUCCESS\
assertion holds: p.sum() == a.wrapping_add(b)
