Status: SUCCESS\
Description: "assertion holds: c < char::MAX"\
in function check_vec

VERIFICATION:- SUCCESSFUL
