Status: SUCCESS\
Description: "assertion holds: v.len() == 3"
VERIFICATION:- SUCCESSFUL
