FAILURE\
Description: "assertion holds: arr.len() != 3"
