SUCCESS\
Description: "assertion holds: sum == 6"
