UNDETERMINED\
Description: "assertion holds: x == 0"
