UNREACHABLE\
Description: "assertion holds: x < 8"
