fixed::VecDeque::<u8>::handle_capacity_increase.assertion\
Status: SUCCESS\
Description: "assertion holds: self.head < self.cap()"\
Location: src/fixed.rs

fixed::VecDeque::<u8>::handle_capacity_increase.assertion\
Status: SUCCESS\
Description: "assertion holds: self.tail < self.cap()"\
Location: src/fixed.rs

fixed::VecDeque::<u8>::handle_capacity_increase.assertion\
Status: SUCCESS\
Description: "assertion holds: self.cap().count_ones() == 1"\
Location: src/fixed.rs

VERIFICATION:- SUCCESSFUL

