cve::VecDeque::<u8>::handle_capacity_increase.assertion\
- Status: FAILURE\
- Description: "assertion holds: self.head < self.cap()"
Location: src/cve.rs

Failed Checks: assertion holds: self.head < self.cap()
