Status: SUCCESS\
Description: "assertion holds: x * y == 33"
