Status: SUCCESS\
Description: "assertion holds: x == 98"
