UNREACHABLE\
Description: "assertion holds: z == x - 1"
