Status: SUCCESS\
Description: "assertion holds: y - x == 0"

VERIFICATION:- SUCCESSFUL
