Status: SUCCESS\
Description: "assertion holds: result == 4"
VERIFICATION:- SUCCESSFUL
