Status: SUCCESS\
Description: "assertion holds: result == &output"

Status: FAILURE\
Description: "memcpy source region readable"

VERIFICATION:- FAILED
