SUCCESS\
assertion holds: x < 4096
SUCCESS\
assertion holds: y < 10
