FAILURE\
assertion holds: 1 == 2
VERIFICATION:- FAILED
